  app : https://azmer-fts.github.io/lo-yanum  (DÉPLOYÉ)
  nom le plus long : « 05 - גד״ש תדהר — החווה של אופק » (30 caractères)

  A272 — le nom de la ferme n'est recouvert par rien : trois largeurs, trois modes, clair et sombre
  -------------------------------------------------------------------------------------------------
  PASS  clair 402 split demande — ★ le nom et la localité recouverts par RIEN  — 10/10 
  PASS  clair 402 split demande — ★ le titre et la pilule ne se chevauchent pas  — titre {"l":151,"t":519,"r":262,"b":546,"w":111} pilule {"l":144,"t":595,"r":386,"b":645,"w":242}
  PASS  clair 402 split demande — la pilule est entière dans l'écran  — {"l":144,"t":595,"r":386,"b":645,"w":242}
  PASS  clair 402 split demande — ★ la colonne du titre n'est pas écrasée  — colonne 111 px, nom 111 px
  PASS  clair 402 split demande — aucune erreur de page
  PASS  clair 402 split long — ★ le nom et la localité recouverts par RIEN  — 20/20 
  PASS  clair 402 split long — ★ le titre et la pilule ne se chevauchent pas  — titre {"l":16,"t":519,"r":262,"b":574,"w":246} pilule {"l":144,"t":610,"r":386,"b":660,"w":242}
  PASS  clair 402 split long — la pilule est entière dans l'écran  — {"l":144,"t":610,"r":386,"b":660,"w":242}
  PASS  clair 402 split long — ★ la colonne du titre n'est pas écrasée  — colonne 246 px, nom 303 px
  PASS  clair 402 split long — aucune erreur de page
  PASS  clair 402 hidden demande — ★ le nom et la localité recouverts par RIEN  — 10/10 
  PASS  clair 402 hidden demande — ★ le titre et la pilule ne se chevauchent pas  — titre {"l":151,"t":89,"r":262,"b":117,"w":111} pilule {"l":144,"t":165,"r":386,"b":215,"w":242}
  PASS  clair 402 hidden demande — la pilule est entière dans l'écran  — {"l":144,"t":165,"r":386,"b":215,"w":242}
  PASS  clair 402 hidden demande — ★ la colonne du titre n'est pas écrasée  — colonne 111 px, nom 111 px
  PASS  clair 402 hidden demande — aucune erreur de page
  PASS  clair 402 hidden long — ★ le nom et la localité recouverts par RIEN  — 20/20 
  PASS  clair 402 hidden long — ★ le titre et la pilule ne se chevauchent pas  — titre {"l":16,"t":89,"r":262,"b":144,"w":246} pilule {"l":144,"t":180,"r":386,"b":230,"w":242}
  PASS  clair 402 hidden long — la pilule est entière dans l'écran  — {"l":144,"t":180,"r":386,"b":230,"w":242}
  PASS  clair 402 hidden long — ★ la colonne du titre n'est pas écrasée  — colonne 246 px, nom 303 px
  PASS  clair 402 hidden long — aucune erreur de page
  PASS  clair 402 full demande — carte seule : la fiche est repliée, aucun titre à recouvrir (sans objet)  — {"hidden":true}
  PASS  clair 402 full demande — aucune erreur de page
  PASS  clair 402 full long — carte seule : la fiche est repliée, aucun titre à recouvrir (sans objet)  — {"hidden":true}
  PASS  clair 402 full long — aucune erreur de page
  PASS  clair 1032 split demande — ★ le nom et la localité recouverts par RIEN  — 10/10 
  PASS  clair 1032 split demande — ★ le titre et la pilule ne se chevauchent pas  — titre {"l":709,"t":676,"r":820,"b":703,"w":111} pilule {"l":16,"t":676,"r":258,"b":726,"w":242}
  PASS  clair 1032 split demande — la pilule est entière dans l'écran  — {"l":16,"t":676,"r":258,"b":726,"w":242}
  PASS  clair 1032 split demande — ★ la colonne du titre n'est pas écrasée  — colonne 111 px, nom 111 px
  PASS  clair 1032 split demande — aucune erreur de page
  PASS  clair 1032 split long — ★ le nom et la localité recouverts par RIEN  — 15/15 
  PASS  clair 1032 split long — ★ le titre et la pilule ne se chevauchent pas  — titre {"l":517,"t":676,"r":820,"b":703,"w":303} pilule {"l":16,"t":676,"r":258,"b":726,"w":242}
  PASS  clair 1032 split long — la pilule est entière dans l'écran  — {"l":16,"t":676,"r":258,"b":726,"w":242}
  PASS  clair 1032 split long — ★ la colonne du titre n'est pas écrasée  — colonne 303 px, nom 303 px
  PASS  clair 1032 split long — aucune erreur de page
  PASS  clair 1032 hidden demande — ★ le nom et la localité recouverts par RIEN  — 10/10 
  PASS  clair 1032 hidden demande — ★ le titre et la pilule ne se chevauchent pas  — titre {"l":709,"t":20,"r":820,"b":48,"w":111} pilule {"l":16,"t":20,"r":258,"b":70,"w":242}
  PASS  clair 1032 hidden demande — la pilule est entière dans l'écran  — {"l":16,"t":20,"r":258,"b":70,"w":242}
  PASS  clair 1032 hidden demande — ★ la colonne du titre n'est pas écrasée  — colonne 111 px, nom 111 px
  PASS  clair 1032 hidden demande — aucune erreur de page
  PASS  clair 1032 hidden long — ★ le nom et la localité recouverts par RIEN  — 15/15 
  PASS  clair 1032 hidden long — ★ le titre et la pilule ne se chevauchent pas  — titre {"l":517,"t":20,"r":820,"b":48,"w":303} pilule {"l":16,"t":20,"r":258,"b":70,"w":242}
  PASS  clair 1032 hidden long — la pilule est entière dans l'écran  — {"l":16,"t":20,"r":258,"b":70,"w":242}
  PASS  clair 1032 hidden long — ★ la colonne du titre n'est pas écrasée  — colonne 303 px, nom 303 px
  PASS  clair 1032 hidden long — aucune erreur de page
  PASS  clair 1032 full demande — carte seule : la fiche est repliée, aucun titre à recouvrir (sans objet)  — {"hidden":true}
  PASS  clair 1032 full demande — aucune erreur de page
  PASS  clair 1032 full long — carte seule : la fiche est repliée, aucun titre à recouvrir (sans objet)  — {"hidden":true}
  PASS  clair 1032 full long — aucune erreur de page
  PASS  clair 1376 split demande — ★ le nom et la localité recouverts par RIEN  — 10/10 
  PASS  clair 1376 split demande — ★ le titre et la pilule ne se chevauchent pas  — titre {"l":1049,"t":20,"r":1160,"b":48,"w":111} pilule {"l":776,"t":20,"r":1018,"b":70,"w":242}
  PASS  clair 1376 split demande — la pilule est entière dans l'écran  — {"l":776,"t":20,"r":1018,"b":70,"w":242}
  PASS  clair 1376 split demande — ★ la colonne du titre n'est pas écrasée  — colonne 111 px, nom 111 px
  PASS  clair 1376 split demande — aucune erreur de page
  PASS  clair 1376 split long — ★ le nom et la localité recouverts par RIEN  — 15/15 
  PASS  clair 1376 split long — ★ le titre et la pilule ne se chevauchent pas  — titre {"l":857,"t":20,"r":1160,"b":48,"w":303} pilule {"l":1042,"t":96,"r":1284,"b":146,"w":242}
  PASS  clair 1376 split long — la pilule est entière dans l'écran  — {"l":1042,"t":96,"r":1284,"b":146,"w":242}
  PASS  clair 1376 split long — ★ la colonne du titre n'est pas écrasée  — colonne 303 px, nom 303 px
  PASS  clair 1376 split long — aucune erreur de page
  PASS  clair 1376 hidden demande — ★ le nom et la localité recouverts par RIEN  — 10/10 
  PASS  clair 1376 hidden demande — ★ le titre et la pilule ne se chevauchent pas  — titre {"l":1049,"t":20,"r":1160,"b":48,"w":111} pilule {"l":20,"t":20,"r":262,"b":70,"w":242}
  PASS  clair 1376 hidden demande — la pilule est entière dans l'écran  — {"l":20,"t":20,"r":262,"b":70,"w":242}
  PASS  clair 1376 hidden demande — ★ la colonne du titre n'est pas écrasée  — colonne 111 px, nom 111 px
  PASS  clair 1376 hidden demande — aucune erreur de page
  PASS  clair 1376 hidden long — ★ le nom et la localité recouverts par RIEN  — 15/15 
  PASS  clair 1376 hidden long — ★ le titre et la pilule ne se chevauchent pas  — titre {"l":857,"t":20,"r":1160,"b":48,"w":303} pilule {"l":20,"t":20,"r":262,"b":70,"w":242}
  PASS  clair 1376 hidden long — la pilule est entière dans l'écran  — {"l":20,"t":20,"r":262,"b":70,"w":242}
  PASS  clair 1376 hidden long — ★ la colonne du titre n'est pas écrasée  — colonne 303 px, nom 303 px
  PASS  clair 1376 hidden long — aucune erreur de page
  PASS  clair 1376 full demande — carte seule : la fiche est repliée, aucun titre à recouvrir (sans objet)  — {"hidden":true}
  PASS  clair 1376 full demande — aucune erreur de page
  PASS  clair 1376 full long — carte seule : la fiche est repliée, aucun titre à recouvrir (sans objet)  — {"hidden":true}
  PASS  clair 1376 full long — aucune erreur de page
  PASS  sombre 402 split demande — ★ le nom et la localité recouverts par RIEN  — 10/10 
  PASS  sombre 402 split demande — ★ le titre et la pilule ne se chevauchent pas  — titre {"l":151,"t":519,"r":262,"b":546,"w":111} pilule {"l":144,"t":595,"r":386,"b":645,"w":242}
  PASS  sombre 402 split demande — la pilule est entière dans l'écran  — {"l":144,"t":595,"r":386,"b":645,"w":242}
  PASS  sombre 402 split demande — ★ la colonne du titre n'est pas écrasée  — colonne 111 px, nom 111 px
  PASS  sombre 402 split demande — aucune erreur de page
  PASS  sombre 402 split long — ★ le nom et la localité recouverts par RIEN  — 20/20 
  PASS  sombre 402 split long — ★ le titre et la pilule ne se chevauchent pas  — titre {"l":16,"t":519,"r":262,"b":574,"w":246} pilule {"l":144,"t":610,"r":386,"b":660,"w":242}
  PASS  sombre 402 split long — la pilule est entière dans l'écran  — {"l":144,"t":610,"r":386,"b":660,"w":242}
  PASS  sombre 402 split long — ★ la colonne du titre n'est pas écrasée  — colonne 246 px, nom 303 px
  PASS  sombre 402 split long — aucune erreur de page
  PASS  sombre 402 hidden demande — ★ le nom et la localité recouverts par RIEN  — 10/10 
  PASS  sombre 402 hidden demande — ★ le titre et la pilule ne se chevauchent pas  — titre {"l":151,"t":89,"r":262,"b":117,"w":111} pilule {"l":144,"t":165,"r":386,"b":215,"w":242}
  PASS  sombre 402 hidden demande — la pilule est entière dans l'écran  — {"l":144,"t":165,"r":386,"b":215,"w":242}
  PASS  sombre 402 hidden demande — ★ la colonne du titre n'est pas écrasée  — colonne 111 px, nom 111 px
  PASS  sombre 402 hidden demande — aucune erreur de page
  PASS  sombre 402 hidden long — ★ le nom et la localité recouverts par RIEN  — 20/20 
  PASS  sombre 402 hidden long — ★ le titre et la pilule ne se chevauchent pas  — titre {"l":16,"t":89,"r":262,"b":144,"w":246} pilule {"l":144,"t":180,"r":386,"b":230,"w":242}
  PASS  sombre 402 hidden long — la pilule est entière dans l'écran  — {"l":144,"t":180,"r":386,"b":230,"w":242}
  PASS  sombre 402 hidden long — ★ la colonne du titre n'est pas écrasée  — colonne 246 px, nom 303 px
  PASS  sombre 402 hidden long — aucune erreur de page
  PASS  sombre 402 full demande — carte seule : la fiche est repliée, aucun titre à recouvrir (sans objet)  — {"hidden":true}
  PASS  sombre 402 full demande — aucune erreur de page
  PASS  sombre 402 full long — carte seule : la fiche est repliée, aucun titre à recouvrir (sans objet)  — {"hidden":true}
  PASS  sombre 402 full long — aucune erreur de page
  PASS  sombre 1032 split demande — ★ le nom et la localité recouverts par RIEN  — 10/10 
  PASS  sombre 1032 split demande — ★ le titre et la pilule ne se chevauchent pas  — titre {"l":709,"t":676,"r":820,"b":703,"w":111} pilule {"l":16,"t":676,"r":258,"b":726,"w":242}
  PASS  sombre 1032 split demande — la pilule est entière dans l'écran  — {"l":16,"t":676,"r":258,"b":726,"w":242}
  PASS  sombre 1032 split demande — ★ la colonne du titre n'est pas écrasée  — colonne 111 px, nom 111 px
  PASS  sombre 1032 split demande — aucune erreur de page
  PASS  sombre 1032 split long — ★ le nom et la localité recouverts par RIEN  — 15/15 
  PASS  sombre 1032 split long — ★ le titre et la pilule ne se chevauchent pas  — titre {"l":517,"t":676,"r":820,"b":703,"w":303} pilule {"l":16,"t":676,"r":258,"b":726,"w":242}
  PASS  sombre 1032 split long — la pilule est entière dans l'écran  — {"l":16,"t":676,"r":258,"b":726,"w":242}
  PASS  sombre 1032 split long — ★ la colonne du titre n'est pas écrasée  — colonne 303 px, nom 303 px
  PASS  sombre 1032 split long — aucune erreur de page
  PASS  sombre 1032 hidden demande — ★ le nom et la localité recouverts par RIEN  — 10/10 
  PASS  sombre 1032 hidden demande — ★ le titre et la pilule ne se chevauchent pas  — titre {"l":709,"t":20,"r":820,"b":48,"w":111} pilule {"l":16,"t":20,"r":258,"b":70,"w":242}
  PASS  sombre 1032 hidden demande — la pilule est entière dans l'écran  — {"l":16,"t":20,"r":258,"b":70,"w":242}
  PASS  sombre 1032 hidden demande — ★ la colonne du titre n'est pas écrasée  — colonne 111 px, nom 111 px
  PASS  sombre 1032 hidden demande — aucune erreur de page
  PASS  sombre 1032 hidden long — ★ le nom et la localité recouverts par RIEN  — 15/15 
  PASS  sombre 1032 hidden long — ★ le titre et la pilule ne se chevauchent pas  — titre {"l":517,"t":20,"r":820,"b":48,"w":303} pilule {"l":16,"t":20,"r":258,"b":70,"w":242}
  PASS  sombre 1032 hidden long — la pilule est entière dans l'écran  — {"l":16,"t":20,"r":258,"b":70,"w":242}
  PASS  sombre 1032 hidden long — ★ la colonne du titre n'est pas écrasée  — colonne 303 px, nom 303 px
  PASS  sombre 1032 hidden long — aucune erreur de page
  PASS  sombre 1032 full demande — carte seule : la fiche est repliée, aucun titre à recouvrir (sans objet)  — {"hidden":true}
  PASS  sombre 1032 full demande — aucune erreur de page
  PASS  sombre 1032 full long — carte seule : la fiche est repliée, aucun titre à recouvrir (sans objet)  — {"hidden":true}
  PASS  sombre 1032 full long — aucune erreur de page
  PASS  sombre 1376 split demande — ★ le nom et la localité recouverts par RIEN  — 10/10 
  PASS  sombre 1376 split demande — ★ le titre et la pilule ne se chevauchent pas  — titre {"l":1049,"t":20,"r":1160,"b":48,"w":111} pilule {"l":776,"t":20,"r":1018,"b":70,"w":242}
  PASS  sombre 1376 split demande — la pilule est entière dans l'écran  — {"l":776,"t":20,"r":1018,"b":70,"w":242}
  PASS  sombre 1376 split demande — ★ la colonne du titre n'est pas écrasée  — colonne 111 px, nom 111 px
  PASS  sombre 1376 split demande — aucune erreur de page
  PASS  sombre 1376 split long — ★ le nom et la localité recouverts par RIEN  — 15/15 
  PASS  sombre 1376 split long — ★ le titre et la pilule ne se chevauchent pas  — titre {"l":857,"t":20,"r":1160,"b":48,"w":303} pilule {"l":1042,"t":96,"r":1284,"b":146,"w":242}
  PASS  sombre 1376 split long — la pilule est entière dans l'écran  — {"l":1042,"t":96,"r":1284,"b":146,"w":242}
  PASS  sombre 1376 split long — ★ la colonne du titre n'est pas écrasée  — colonne 303 px, nom 303 px
  PASS  sombre 1376 split long — aucune erreur de page
  PASS  sombre 1376 hidden demande — ★ le nom et la localité recouverts par RIEN  — 10/10 
  PASS  sombre 1376 hidden demande — ★ le titre et la pilule ne se chevauchent pas  — titre {"l":1049,"t":20,"r":1160,"b":48,"w":111} pilule {"l":20,"t":20,"r":262,"b":70,"w":242}
  PASS  sombre 1376 hidden demande — la pilule est entière dans l'écran  — {"l":20,"t":20,"r":262,"b":70,"w":242}
  PASS  sombre 1376 hidden demande — ★ la colonne du titre n'est pas écrasée  — colonne 111 px, nom 111 px
  PASS  sombre 1376 hidden demande — aucune erreur de page
  PASS  sombre 1376 hidden long — ★ le nom et la localité recouverts par RIEN  — 15/15 
  PASS  sombre 1376 hidden long — ★ le titre et la pilule ne se chevauchent pas  — titre {"l":857,"t":20,"r":1160,"b":48,"w":303} pilule {"l":20,"t":20,"r":262,"b":70,"w":242}
  PASS  sombre 1376 hidden long — la pilule est entière dans l'écran  — {"l":20,"t":20,"r":262,"b":70,"w":242}
  PASS  sombre 1376 hidden long — ★ la colonne du titre n'est pas écrasée  — colonne 303 px, nom 303 px
  PASS  sombre 1376 hidden long — aucune erreur de page
  PASS  sombre 1376 full demande — carte seule : la fiche est repliée, aucun titre à recouvrir (sans objet)  — {"hidden":true}
  PASS  sombre 1376 full demande — aucune erreur de page
  PASS  sombre 1376 full long — carte seule : la fiche est repliée, aucun titre à recouvrir (sans objet)  — {"hidden":true}
  PASS  sombre 1376 full long — aucune erreur de page

  144 passed, 0 failed
