  PASS  clair → sombre sans rechargement  — 243 244 246 → 11 17 25
  PASS  sombre → clair sans rechargement  — 243 244 246
  PASS  le choix du coordinateur est « system » par défaut  — system
  FAIL  ת״ז touché → inputmode=none (le système n'ouvre pas son clavier)  — numeric
  FAIL  le pavé de l'app est ouvert
  FAIL  section interrompue  — click: Timeout 8000ms exceeded.
  FAIL  aucun numéro par défaut dans la carte du coordinateur  — "(052) 000-0049"
  FAIL  tapé, écran quitté sans « שמירה », rouvert : le numéro est là  — (052) 000-0049
  FAIL  vidé : il reste vide, aucun numéro ne revient  — "(052) 000-0049"
  FAIL  le bundle ne contient plus 052-0000049 ni 08-0000050  — index-Cr3XRHBt.js
  PASS  tableau de bord : aucun repère « משק שלם (בדיקה) »  — 17 repères
  PASS  liste des fermes : aucun repère « משק שלם (בדיקה) »  — 14 repères
  PASS  agenda : aucun repère « משק שלם (בדיקה) »  — 11 repères
  PASS  planificateur : la ferme sans position est sélectionnable
  FAIL  … et signalée « מיקום חסר » sur sa carte
  FAIL  … elle est listée à part, hors du tracé
  FAIL  … aucun repère sur la carte du planificateur  — 1. משק שלם (בדיקה) | 2. חוות תלמי צאלים | 3. חוות רתם | 4. חוות מעלה עבדת | 5. חוות כרמי ירוחם | 6. חוות עצוז
  FAIL  … le tracé ne passe par aucun point de repli (Jérusalem, centre du Néguev)  — 8 points
  FAIL  à l'échelle nationale, les repères qui se recouvrent sont regroupés  — []
  FAIL  tableau de bord : aucun couple de dessins de repères à moins de 20 px (centre à centre)  — חוות רתם / מושב רתמים ; חוות רתם / דחוף ; חוות גבעת עשן / חוות רתם
  FAIL  section interrompue  — click: Timeout 8000ms exceeded.
  FAIL  planificateur : le trajet est tracé sur route  — {"legacy":1}
  FAIL  planificateur : aucun trait à vol d'oiseau d'avant AN3  — {"legacy":1}
  FAIL  itinéraire libre : une étape ajoutée n'efface pas les routes déjà tracées  — avant 3, minimum pendant le calcul 0
  FAIL  itinéraire libre : jamais le trait droit global pendant le calcul  — 4 échantillons en trait droit
  7 passed, 18 failed
