$ bun run scripts/auui.ts
  app : http://localhost:5397  (build local dist-au-before)

  A315 — les épingles s’affichent sur ordinateur, trois largeurs, quatre modes
  ----------------------------------------------------------------------------
  PASS  A315 402 split : épingles de fermes sur la carte  — 24 repères
  PASS  A315 402 full : épingles de fermes sur la carte  — 24 repères
  PASS  A315 402 overlay : épingles de fermes sur la carte  — 24 repères
  PASS  A315 402 « מוסתר » : pas de carte, la liste est là  — {"mapShown":false,"listed":21}
  PASS  A315 1032 split : épingles de fermes sur la carte  — 24 repères
  PASS  A315 1032 full : épingles de fermes sur la carte  — 21 repères
  PASS  A315 1032 overlay : épingles de fermes sur la carte  — 24 repères
  PASS  A315 1032 « מוסתר » : pas de carte, la liste est là  — {"mapShown":false,"listed":25}
  PASS  A315 1440 split : épingles de fermes sur la carte  — 21 repères
  PASS  A315 1440 full : épingles de fermes sur la carte  — 21 repères
  PASS  A315 1440 overlay : épingles de fermes sur la carte  — 21 repères
  PASS  A315 1440 « מוסתר » : pas de carte, la liste est là  — {"mapShown":false,"listed":22}
  FAIL  A315 1032 calque « ישויות » éteint : la carte le DIT  — aucune pastille
  FAIL  A315 1032 fiche, calque éteint : l'épingle de la ferme est posée  — 0
  FAIL  A315 1440 calque « ישויות » éteint : la carte le DIT  — aucune pastille
  FAIL  A315 1440 fiche, calque éteint : l'épingle de la ferme est posée  — 0
  FAIL  A315 402 bulle d'information ≥ 300 px et situe le lieu  — 303 px · «  »
  FAIL  A315 1032 bulle d'information ≥ 440 px et situe le lieu  — 303 px · «  »
  FAIL  A315 1440 bulle d'information ≥ 440 px et situe le lieu  — 303 px · «  »

  A316 — la carte descend jusqu’en bas, aucun défilement parasite
  ---------------------------------------------------------------
  PASS  A316 1440×900 /coordinator  — page 900/900 · carte 0→900
  PASS  A316 1440×900 /coordinator/agenda  — page 900/900 · carte 0→900
  PASS  A316 1440×900 /coordinator/farms  — page 900/900 · carte 0→900
  PASS  A316 1440×900 /coordinator/leads  — page 900/900 · carte 0→900
  PASS  A316 1440×900 /coordinator/route  — page 900/900 · carte 0→900
  FAIL  A316 1440×900 /coordinator/route/free  — page 1008/900 · carte 24→924
  PASS  A316 1440×900 /coordinator/coverage  — page 900/900 · carte 0→900
  PASS  A316 1440×900 /coordinator/volunteers  — page 900/900 · carte 0→900
  PASS  A316 1440×900 /coordinator/drivers  — page 900/900 · carte 0→900
  PASS  A316 1440×900 /coordinator/missions  — page 900/900 · carte 0→900
  PASS  A316 1440×900 /coordinator/incidents  — page 900/900 · carte 0→900
  PASS  A316 1376×1032 /coordinator  — page 1032/1032 · carte 0→1032
  PASS  A316 1376×1032 /coordinator/agenda  — page 1032/1032 · carte 0→1032
  PASS  A316 1376×1032 /coordinator/farms  — page 1032/1032 · carte 0→1032
  PASS  A316 1376×1032 /coordinator/leads  — page 1032/1032 · carte 0→1032
  PASS  A316 1376×1032 /coordinator/route  — page 1032/1032 · carte 0→1032
  FAIL  A316 1376×1032 /coordinator/route/free  — page 1140/1032 · carte 24→1056
  PASS  A316 1376×1032 /coordinator/coverage  — page 1032/1032 · carte 0→1032
  PASS  A316 1376×1032 /coordinator/volunteers  — page 1032/1032 · carte 0→1032
  PASS  A316 1376×1032 /coordinator/drivers  — page 1032/1032 · carte 0→1032
  PASS  A316 1376×1032 /coordinator/missions  — page 1032/1032 · carte 0→1032
  PASS  A316 1376×1032 /coordinator/incidents  — page 1032/1032 · carte 0→1032
  PASS  A316 402 itinéraire libre : aucun défilement horizontal  — 402/402

  A318 · A319 · A320 — la carte de couverture
  -------------------------------------------
  FAIL  A318 — section interrompue  — getAttribute: Timeout 30000ms exceeded.
  FAIL  A319 cinq familles : épingle pleine ET creuse, carré plein ET creux, rond pointillé  — fermes 4 remplissages · institutions 0 · pistes 0
  FAIL  A319 les institutions engagées sont NOMMÉES sur la carte  — 0
  FAIL  A319 — section interrompue  — evaluate: TypeError: Cannot read properties of undefined (reading 'getPaintProperty')
  FAIL  A320 — section interrompue  — getAttribute: Timeout 30000ms exceeded.

  33 PASS, 14 FAIL
error: script "auui" exited with code 1
