$ bun run scripts/akmap.ts

  AK6 — LA CARTE QUI RETOMBE EN VECTORIEL : MESURE
  ================================================
  http://localhost:5303  (dist-ak6-before)
  PASS  setup · the PO chose satellite: stored and shown  — satellite/satellite
  PASS  A203 · 1 délai 25 s : the stored choice is still satellite  — stored=satellite
  PASS  A203 · 1 délai 25 s : the map still shows satellite  — shown=satellite sources=protomaps,satellite,regions,zones,threat-zones,threat-vectors,route,freehand
  PASS  A203 · 2 retour en avant-plan : the stored choice is still satellite  — stored=satellite
  PASS  A203 · 2 retour en avant-plan : the map still shows satellite  — shown=satellite sources=protomaps,satellite,regions,zones,threat-zones,threat-vectors,route,freehand
  ·     CAUSE  3a hors ligne (pendant) → setItem('lo-yanum:map-base', 'vector') après « offline » ←     at Dee (http://localhost:5303/assets/index-YG296CdY.js:796:45046) |     at Object.onBase (http://localhost:5303/assets/MapCanvas-zUP7x-IW.js:16:9017) |     at pe.applyConnectivity (http://localhost:5303/assets/MapCanvas-zUP7x-IW.js:1:5641) |     at http://localhost:5303/assets/MapCanvas-zUP7x-IW.js:1:1418
  FAIL  A203 · 3a hors ligne (pendant) : the stored choice is still satellite  — stored=vector
  FAIL  A203 · 3a hors ligne (pendant) : the map still shows satellite  — shown=vector sources=protomaps,lo-world,regions,zones,threat-zones,threat-vectors,route,freehand
  FAIL  AK6.3 · 3a hors ligne (pendant) : the app SAYS the imagery is unavailable  — null
  ·     CAUSE  3b réseau revenu → setItem('lo-yanum:map-base', 'vector') après « offline » ←     at Dee (http://localhost:5303/assets/index-YG296CdY.js:796:45046) |     at Object.onBase (http://localhost:5303/assets/MapCanvas-zUP7x-IW.js:16:9017) |     at pe.applyConnectivity (http://localhost:5303/assets/MapCanvas-zUP7x-IW.js:1:5641) |     at http://localhost:5303/assets/MapCanvas-zUP7x-IW.js:1:1418
  FAIL  A203 · 3b réseau revenu : the stored choice is still satellite  — stored=vector
  FAIL  A203 · 3b réseau revenu : the map still shows satellite  — shown=vector sources=protomaps,lo-world,regions,zones,threat-zones,threat-vectors,route,freehand
  PASS  AK6.3 · 3b : once back online the notice is gone  — null
  ·     (remis sur satellite par le PO avant la mesure suivante)
  PASS  A203 · 4 controllerchange : the stored choice is still satellite  — stored=satellite
  PASS  A203 · 4 controllerchange : the map still shows satellite  — shown=satellite sources=protomaps,satellite,regions,zones,threat-zones,threat-vectors,route,freehand
  PASS  A203 · 5a tuiles satellite en 503 : the stored choice is still satellite  — stored=satellite
  PASS  A203 · 5a tuiles satellite en 503 : the map still shows satellite  — shown=satellite sources=protomaps,satellite,regions,zones,threat-zones,threat-vectors,route,freehand
  FAIL  AK6.3 · 5a tuiles satellite en 503 : the app SAYS the imagery is unavailable  — null
  PASS  A203 · 5b tuiles de nouveau servies : the stored choice is still satellite  — stored=satellite
  PASS  A203 · 5b tuiles de nouveau servies : the map still shows satellite  — shown=satellite sources=protomaps,satellite,regions,zones,threat-zones,threat-vectors,route,freehand
  FAIL  AK6.3 · 5b : the app RETRIED the failed imagery by itself  — 16 refused, 0 served after
  PASS  AK6.3 · 5b : and the notice is gone  — null
  PASS  A203 · 6 contexte WebGL perdu puis rendu : the stored choice is still satellite  — stored=satellite
  PASS  A203 · 6 contexte WebGL perdu puis rendu : the map still shows satellite  — shown=satellite sources=protomaps,satellite,regions,zones,threat-zones,threat-vectors,route,freehand
  ·     7a état : {"online":true,"map":false}
  FAIL  A203 · 7a relancée hors ligne : the stored choice is still satellite  — stored=vector
  FAIL  A203 · 7a relancée hors ligne : the map comes up declaring satellite, not vector  — shown=vector
  FAIL  A203 · 7b réseau revenu après un lancement hors ligne : the stored choice is still satellite  — stored=vector
  FAIL  A203 · 7b réseau revenu après un lancement hors ligne : the map still shows satellite  — shown=vector sources=protomaps,lo-world,regions,zones,threat-zones,threat-vectors,route,freehand

  CAUSES MESURÉES (écritures du choix qui ne sont pas « satellite ») :
  ·     3a hors ligne (pendant) → setItem('lo-yanum:map-base', 'vector') après « offline » ←     at Dee (http://localhost:5303/assets/index-YG296CdY.js:796:45046) |     at Object.onBase (http://localhost:5303/assets/MapCanvas-zUP7x-IW.js:16:9017) |     at pe.applyConnectivity (http://localhost:5303/assets/MapCanvas-zUP7x-IW.js:1:5641) |     at http://localhost:5303/assets/MapCanvas-zUP7x-IW.js:1:1418
  ·     3b réseau revenu → setItem('lo-yanum:map-base', 'vector') après « offline » ←     at Dee (http://localhost:5303/assets/index-YG296CdY.js:796:45046) |     at Object.onBase (http://localhost:5303/assets/MapCanvas-zUP7x-IW.js:16:9017) |     at pe.applyConnectivity (http://localhost:5303/assets/MapCanvas-zUP7x-IW.js:1:5641) |     at http://localhost:5303/assets/MapCanvas-zUP7x-IW.js:1:1418

  15 passed, 11 failed
error: script "akmap" exited with code 1
